// Jest Snapshot v1, https://goo.gl/fbAQLP

exports[`should render ExpenseList with empty message 1`] = `
<div>
  <p>
    No expenses
  </p>
  0
</div>
`;

exports[`should render ExpenseList with expenses 1`] = `
<div>
  <ExpenseListItem
    amount={195}
    createdAt={1000}
    description="Gum"
    id="1"
    key="1"
    note=""
  />
  <ExpenseListItem
    amount={1950000}
    createdAt={-345600000}
    description="Rent"
    id="2"
    key="2"
    note=""
  />
  <ExpenseListItem
    amount={40000}
    createdAt={345600000}
    description="Credit Card"
    id="3"
    key="3"
    note=""
  />
  3
</div>
`;
